
[Incubating] Problems report is available at: file:///C:/Users/theul/Downloads/HearWise-master/HearWise-master/build/reports/problems/problems-report.html
.\gradlew : 
At line:1 char:1
+ .\gradlew compileDebugKotlin 
--stacktrace > build_output.txt 
2>&1
+ ~~~~~~~~~~~~~~~~~~~~~~~~~~~~~~
~~~~~~~~~~~~~~~~~~~~~~~~~~~~~~~~
~~~
    + CategoryInfo          : N 
   otSpecified: (:String) [],   
  RemoteException
    + FullyQualifiedErrorId : N 
   ativeCommandError
 
FAILURE: Build failed with an 
exception.

* What went wrong:
A problem occurred configuring 
root project 'HearWise'.
> Could not resolve all 
artifacts for configuration 
'classpath'.
   > Could not resolve com.andro
id.tools.build:gradle:8.13.2.
     Required by:
         root project : > com.an
droid.application:com.android.ap
plication.gradle.plugin:8.13.2
      > Dependency requires at 
least JVM runtime version 11. 
This build uses a Java 8 JVM.

* Try:
> Run this build using a Java 
11 or newer JVM.
> Run with --info or --debug 
option to get more log output.
> Run with --scan to get full 
insights.
> Get more help at 
https://help.gradle.org.

* Exception is:
org.gradle.api.ProjectConfigurat
ionException: A problem 
occurred configuring root 
project 'HearWise'.
	at org.gradle.configuration.pro
ject.LifecycleProjectEvaluator.w
rapException(LifecycleProjectEva
luator.java:84)
	at org.gradle.configuration.pro
ject.LifecycleProjectEvaluator.a
ddConfigurationFailure(Lifecycle
ProjectEvaluator.java:77)
	at org.gradle.configuration.pro
ject.LifecycleProjectEvaluator.a
ccess$500(LifecycleProjectEvalua
tor.java:55)
	at org.gradle.configuration.pro
ject.LifecycleProjectEvaluator$E
valuateProject.lambda$run$0(Life
cycleProjectEvaluator.java:111)
	at org.gradle.configuration.pro
ject.LifecycleProjectEvaluator$E
valuateProject$$Lambda$741/12047
35598.accept(Unknown Source)
	at org.gradle.api.internal.proj
ect.DefaultProjectStateRegistry$
ProjectStateImpl.lambda$applyToM
utableState$1(DefaultProjectStat
eRegistry.java:435)
	at org.gradle.api.internal.proj
ect.DefaultProjectStateRegistry$
ProjectStateImpl$$Lambda$742/169
1626269.apply(Unknown Source)
	at org.gradle.api.internal.proj
ect.DefaultProjectStateRegistry$
ProjectStateImpl.lambda$fromMuta
bleState$2(DefaultProjectStateRe
gistry.java:458)
	at org.gradle.api.internal.proj
ect.DefaultProjectStateRegistry$
ProjectStateImpl$$Lambda$743/157
2130300.create(Unknown Source)
	at org.gradle.internal.work.Def
aultWorkerLeaseService.withRepla
cedLocks(DefaultWorkerLeaseServi
ce.java:359)
	at org.gradle.api.internal.proj
ect.DefaultProjectStateRegistry$
ProjectStateImpl.fromMutableStat
e(DefaultProjectStateRegistry.ja
va:458)
	at org.gradle.api.internal.proj
ect.DefaultProjectStateRegistry$
ProjectStateImpl.applyToMutableS
tate(DefaultProjectStateRegistry
.java:434)
	at org.gradle.configuration.pro
ject.LifecycleProjectEvaluator$E
valuateProject.run(LifecycleProj
ectEvaluator.java:100)
	at org.gradle.internal.operatio
ns.DefaultBuildOperationRunner$1
.execute(DefaultBuildOperationRu
nner.java:30)
	at org.gradle.internal.operatio
ns.DefaultBuildOperationRunner$1
.execute(DefaultBuildOperationRu
nner.java:27)
	at org.gradle.internal.operatio
ns.DefaultBuildOperationRunner$2
.execute(DefaultBuildOperationRu
nner.java:67)
	at org.gradle.internal.operatio
ns.DefaultBuildOperationRunner$2
.execute(DefaultBuildOperationRu
nner.java:60)
	at org.gradle.internal.operatio
ns.DefaultBuildOperationRunner.e
xecute(DefaultBuildOperationRunn
er.java:167)
	at org.gradle.internal.operatio
ns.DefaultBuildOperationRunner.e
xecute(DefaultBuildOperationRunn
er.java:60)
	at org.gradle.internal.operatio
ns.DefaultBuildOperationRunner.r
un(DefaultBuildOperationRunner.j
ava:48)
	at org.gradle.configuration.pro
ject.LifecycleProjectEvaluator.e
valuate(LifecycleProjectEvaluato
r.java:72)
	at org.gradle.api.internal.proj
ect.DefaultProject.evaluateUnche
cked(DefaultProject.java:828)
	at org.gradle.api.internal.proj
ect.ProjectLifecycleController.l
ambda$ensureSelfConfigured$2(Pro
jectLifecycleController.java:89)
	at org.gradle.api.internal.proj
ect.ProjectLifecycleController$$
Lambda$739/1001342130.run(Unknow
n Source)
	at org.gradle.internal.model.St
ateTransitionController.lambda$d
oTransition$14(StateTransitionCo
ntroller.java:255)
	at org.gradle.internal.model.St
ateTransitionController$$Lambda$
236/1479385979.get(Unknown 
Source)
	at org.gradle.internal.model.St
ateTransitionController.doTransi
tion(StateTransitionController.j
ava:266)
	at org.gradle.internal.model.St
ateTransitionController.doTransi
tion(StateTransitionController.j
ava:254)
	at org.gradle.internal.model.St
ateTransitionController.lambda$m
aybeTransitionIfNotCurrentlyTran
sitioning$10(StateTransitionCont
roller.java:199)
	at org.gradle.internal.model.St
ateTransitionController$$Lambda$
740/1839214906.run(Unknown 
Source)
	at org.gradle.internal.work.Def
aultSynchronizer.withLock(Defaul
tSynchronizer.java:36)
	at org.gradle.internal.model.St
ateTransitionController.maybeTra
nsitionIfNotCurrentlyTransitioni
ng(StateTransitionController.jav
a:195)
	at org.gradle.api.internal.proj
ect.ProjectLifecycleController.e
nsureSelfConfigured(ProjectLifec
ycleController.java:89)
	at org.gradle.api.internal.proj
ect.DefaultProjectStateRegistry$
ProjectStateImpl.ensureConfigure
d(DefaultProjectStateRegistry.ja
va:400)
	at org.gradle.execution.TaskPat
hProjectEvaluator.configure(Task
PathProjectEvaluator.java:70)
	at org.gradle.execution.TaskPat
hProjectEvaluator.configureHiera
rchy(TaskPathProjectEvaluator.ja
va:84)
	at org.gradle.configuration.Def
aultProjectsPreparer.prepareProj
ects(DefaultProjectsPreparer.jav
a:50)
	at org.gradle.configuration.Bui
ldTreePreparingProjectsPreparer.
prepareProjects(BuildTreePrepari
ngProjectsPreparer.java:65)
	at org.gradle.configuration.Bui
ldOperationFiringProjectsPrepare
r$ConfigureBuild.run(BuildOperat
ionFiringProjectsPreparer.java:5
2)
	at org.gradle.internal.operatio
ns.DefaultBuildOperationRunner$1
.execute(DefaultBuildOperationRu
nner.java:30)
	at org.gradle.internal.operatio
ns.DefaultBuildOperationRunner$1
.execute(DefaultBuildOperationRu
nner.java:27)
	at org.gradle.internal.operatio
ns.DefaultBuildOperationRunner$2
.execute(DefaultBuildOperationRu
nner.java:67)
	at org.gradle.internal.operatio
ns.DefaultBuildOperationRunner$2
.execute(DefaultBuildOperationRu
nner.java:60)
	at org.gradle.internal.operatio
ns.DefaultBuildOperationRunner.e
xecute(DefaultBuildOperationRunn
er.java:167)
	at org.gradle.internal.operatio
ns.DefaultBuildOperationRunner.e
xecute(DefaultBuildOperationRunn
er.java:60)
	at org.gradle.internal.operatio
ns.DefaultBuildOperationRunner.r
un(DefaultBuildOperationRunner.j
ava:48)
	at org.gradle.configuration.Bui
ldOperationFiringProjectsPrepare
r.prepareProjects(BuildOperation
FiringProjectsPreparer.java:40)
	at org.gradle.initialization.Vi
ntageBuildModelController.lambda
$prepareProjects$2(VintageBuildM
odelController.java:84)
	at org.gradle.initialization.Vi
ntageBuildModelController$$Lambd
a$660/2135302966.run(Unknown 
Source)
	at org.gradle.internal.model.St
ateTransitionController.lambda$d
oTransition$14(StateTransitionCo
ntroller.java:255)
	at org.gradle.internal.model.St
ateTransitionController$$Lambda$
236/1479385979.get(Unknown 
Source)
	at org.gradle.internal.model.St
ateTransitionController.doTransi
tion(StateTransitionController.j
ava:266)
	at org.gradle.internal.model.St
ateTransitionController.doTransi
tion(StateTransitionController.j
ava:254)
	at org.gradle.internal.model.St
ateTransitionController.lambda$t
ransitionIfNotPreviously$11(Stat
eTransitionController.java:213)
	at org.gradle.internal.model.St
ateTransitionController$$Lambda$
238/97792960.run(Unknown Source)
	at org.gradle.internal.work.Def
aultSynchronizer.withLock(Defaul
tSynchronizer.java:36)
	at org.gradle.internal.model.St
ateTransitionController.transiti
onIfNotPreviously(StateTransitio
nController.java:209)
	at org.gradle.initialization.Vi
ntageBuildModelController.prepar
eProjects(VintageBuildModelContr
oller.java:84)
	at org.gradle.initialization.Vi
ntageBuildModelController.prepar
eToScheduleTasks(VintageBuildMod
elController.java:71)
	at org.gradle.internal.build.De
faultBuildLifecycleController.la
mbda$prepareToScheduleTasks$6(De
faultBuildLifecycleController.ja
va:175)
	at org.gradle.internal.build.De
faultBuildLifecycleController$$L
ambda$234/526269788.run(Unknown 
Source)
	at org.gradle.internal.model.St
ateTransitionController.lambda$d
oTransition$14(StateTransitionCo
ntroller.java:255)
	at org.gradle.internal.model.St
ateTransitionController$$Lambda$
236/1479385979.get(Unknown 
Source)
	at org.gradle.internal.model.St
ateTransitionController.doTransi
tion(StateTransitionController.j
ava:266)
	at org.gradle.internal.model.St
ateTransitionController.doTransi
tion(StateTransitionController.j
ava:254)
	at org.gradle.internal.model.St
ateTransitionController.lambda$m
aybeTransition$9(StateTransition
Controller.java:190)
	at org.gradle.internal.model.St
ateTransitionController$$Lambda$
235/989560790.run(Unknown 
Source)
	at org.gradle.internal.work.Def
aultSynchronizer.withLock(Defaul
tSynchronizer.java:36)
	at org.gradle.internal.model.St
ateTransitionController.maybeTra
nsition(StateTransitionControlle
r.java:186)
	at org.gradle.internal.build.De
faultBuildLifecycleController.pr
epareToScheduleTasks(DefaultBuil
dLifecycleController.java:173)
	at org.gradle.internal.buildtre
e.DefaultBuildTreeWorkPreparer.s
cheduleRequestedTasks(DefaultBui
ldTreeWorkPreparer.java:36)
	at org.gradle.internal.cc.impl.
VintageBuildTreeWorkController$s
cheduleAndRunRequestedTasks$1.ap
ply(VintageBuildTreeWorkControll
er.kt:36)
	at org.gradle.internal.cc.impl.
VintageBuildTreeWorkController$s
cheduleAndRunRequestedTasks$1.ap
ply(VintageBuildTreeWorkControll
er.kt:35)
	at org.gradle.composite.interna
l.DefaultIncludedBuildTaskGraph.
withNewWorkGraph(DefaultIncluded
BuildTaskGraph.java:112)
	at org.gradle.internal.cc.impl.
VintageBuildTreeWorkController.s
cheduleAndRunRequestedTasks(Vint
ageBuildTreeWorkController.kt:35
)
	at org.gradle.internal.buildtre
e.DefaultBuildTreeLifecycleContr
oller.lambda$scheduleAndRunTasks
$1(DefaultBuildTreeLifecycleCont
roller.java:77)
	at org.gradle.internal.buildtre
e.DefaultBuildTreeLifecycleContr
oller$$Lambda$229/992285926.get(
Unknown Source)
	at org.gradle.internal.buildtre
e.DefaultBuildTreeLifecycleContr
oller.lambda$runBuild$4(DefaultB
uildTreeLifecycleController.java
:120)
	at org.gradle.internal.buildtre
e.DefaultBuildTreeLifecycleContr
oller$$Lambda$230/1262095050.get
(Unknown Source)
	at org.gradle.internal.model.St
ateTransitionController.lambda$t
ransition$6(StateTransitionContr
oller.java:169)
	at org.gradle.internal.model.St
ateTransitionController$$Lambda$
232/1088649438.get(Unknown 
Source)
	at org.gradle.internal.model.St
ateTransitionController.doTransi
tion(StateTransitionController.j
ava:266)
	at org.gradle.internal.model.St
ateTransitionController.lambda$t
ransition$7(StateTransitionContr
oller.java:169)
	at org.gradle.internal.model.St
ateTransitionController$$Lambda$
231/1897820758.create(Unknown 
Source)
	at org.gradle.internal.work.Def
aultSynchronizer.withLock(Defaul
tSynchronizer.java:46)
	at org.gradle.internal.model.St
ateTransitionController.transiti
on(StateTransitionController.jav
a:169)
	at org.gradle.internal.buildtre
e.DefaultBuildTreeLifecycleContr
oller.runBuild(DefaultBuildTreeL
ifecycleController.java:117)
	at org.gradle.internal.buildtre
e.DefaultBuildTreeLifecycleContr
oller.scheduleAndRunTasks(Defaul
tBuildTreeLifecycleController.ja
va:77)
	at org.gradle.internal.buildtre
e.DefaultBuildTreeLifecycleContr
oller.scheduleAndRunTasks(Defaul
tBuildTreeLifecycleController.ja
va:72)
	at org.gradle.tooling.internal.
provider.ExecuteBuildActionRunne
r.run(ExecuteBuildActionRunner.j
ava:31)
	at org.gradle.launcher.exec.Cha
iningBuildActionRunner.run(Chain
ingBuildActionRunner.java:35)
	at org.gradle.internal.buildtre
e.ProblemReportingBuildActionRun
ner.run(ProblemReportingBuildAct
ionRunner.java:49)
	at org.gradle.launcher.exec.Bui
ldOutcomeReportingBuildActionRun
ner.run(BuildOutcomeReportingBui
ldActionRunner.java:71)
	at org.gradle.tooling.internal.
provider.FileSystemWatchingBuild
ActionRunner.run(FileSystemWatch
ingBuildActionRunner.java:135)
	at org.gradle.launcher.exec.Bui
ldCompletionNotifyingBuildAction
Runner.run(BuildCompletionNotify
ingBuildActionRunner.java:41)
	at org.gradle.launcher.exec.Roo
tBuildLifecycleBuildActionExecut
or.lambda$execute$0(RootBuildLif
ecycleBuildActionExecutor.java:5
4)
	at org.gradle.launcher.exec.Roo
tBuildLifecycleBuildActionExecut
or$$Lambda$198/195488355.apply(U
nknown Source)
	at org.gradle.composite.interna
l.DefaultRootBuildState.run(Defa
ultRootBuildState.java:130)
	at org.gradle.launcher.exec.Roo
tBuildLifecycleBuildActionExecut
or.execute(RootBuildLifecycleBui
ldActionExecutor.java:54)
	at org.gradle.internal.buildtre
e.InitDeprecationLoggingActionEx
ecutor.execute(InitDeprecationLo
ggingActionExecutor.java:62)
	at org.gradle.internal.buildtre
e.InitProblems.execute(InitProbl
ems.java:36)
	at org.gradle.internal.buildtre
e.DefaultBuildTreeContext.execut
e(DefaultBuildTreeContext.java:4
0)
	at org.gradle.launcher.exec.Bui
ldTreeLifecycleBuildActionExecut
or.lambda$execute$0(BuildTreeLif
ecycleBuildActionExecutor.java:7
1)
	at org.gradle.launcher.exec.Bui
ldTreeLifecycleBuildActionExecut
or$$Lambda$132/502529369.apply(U
nknown Source)
	at org.gradle.internal.buildtre
e.BuildTreeState.run(BuildTreeSt
ate.java:60)
	at org.gradle.launcher.exec.Bui
ldTreeLifecycleBuildActionExecut
or.execute(BuildTreeLifecycleBui
ldActionExecutor.java:71)
	at org.gradle.launcher.exec.Run
AsBuildOperationBuildActionExecu
tor$2.call(RunAsBuildOperationBu
ildActionExecutor.java:67)
	at org.gradle.launcher.exec.Run
AsBuildOperationBuildActionExecu
tor$2.call(RunAsBuildOperationBu
ildActionExecutor.java:63)
	at org.gradle.internal.operatio
ns.DefaultBuildOperationRunner$C
allableBuildOperationWorker.exec
ute(DefaultBuildOperationRunner.
java:210)
	at org.gradle.internal.operatio
ns.DefaultBuildOperationRunner$C
allableBuildOperationWorker.exec
ute(DefaultBuildOperationRunner.
java:205)
	at org.gradle.internal.operatio
ns.DefaultBuildOperationRunner$2
.execute(DefaultBuildOperationRu
nner.java:67)
	at org.gradle.internal.operatio
ns.DefaultBuildOperationRunner$2
.execute(DefaultBuildOperationRu
nner.java:60)
	at org.gradle.internal.operatio
ns.DefaultBuildOperationRunner.e
xecute(DefaultBuildOperationRunn
er.java:167)
	at org.gradle.internal.operatio
ns.DefaultBuildOperationRunner.e
xecute(DefaultBuildOperationRunn
er.java:60)
	at org.gradle.internal.operatio
ns.DefaultBuildOperationRunner.c
all(DefaultBuildOperationRunner.
java:54)
	at org.gradle.launcher.exec.Run
AsBuildOperationBuildActionExecu
tor.execute(RunAsBuildOperationB
uildActionExecutor.java:63)
	at org.gradle.launcher.exec.Run
AsWorkerThreadBuildActionExecuto
r.lambda$execute$0(RunAsWorkerTh
readBuildActionExecutor.java:36)
	at org.gradle.launcher.exec.Run
AsWorkerThreadBuildActionExecuto
r$$Lambda$126/838896040.create(U
nknown Source)
	at org.gradle.internal.work.Def
aultWorkerLeaseService.withLocks
(DefaultWorkerLeaseService.java:
263)
	at org.gradle.internal.work.Def
aultWorkerLeaseService.runAsWork
erThread(DefaultWorkerLeaseServi
ce.java:127)
	at org.gradle.launcher.exec.Run
AsWorkerThreadBuildActionExecuto
r.execute(RunAsWorkerThreadBuild
ActionExecutor.java:36)
	at org.gradle.tooling.internal.
provider.continuous.ContinuousBu
ildActionExecutor.execute(Contin
uousBuildActionExecutor.java:110
)
	at org.gradle.tooling.internal.
provider.SubscribableBuildAction
Executor.execute(SubscribableBui
ldActionExecutor.java:64)
	at org.gradle.internal.session.
DefaultBuildSessionContext.execu
te(DefaultBuildSessionContext.ja
va:46)
	at org.gradle.internal.buildpro
cess.execution.BuildSessionLifec
ycleBuildActionExecutor$ActionIm
pl.apply(BuildSessionLifecycleBu
ildActionExecutor.java:92)
	at org.gradle.internal.buildpro
cess.execution.BuildSessionLifec
ycleBuildActionExecutor$ActionIm
pl.apply(BuildSessionLifecycleBu
ildActionExecutor.java:80)
	at org.gradle.internal.session.
BuildSessionState.run(BuildSessi
onState.java:73)
	at org.gradle.internal.buildpro
cess.execution.BuildSessionLifec
ycleBuildActionExecutor.execute(
BuildSessionLifecycleBuildAction
Executor.java:62)
	at org.gradle.internal.buildpro
cess.execution.BuildSessionLifec
ycleBuildActionExecutor.execute(
BuildSessionLifecycleBuildAction
Executor.java:41)
	at org.gradle.internal.buildpro
cess.execution.StartParamsValida
tingActionExecutor.execute(Start
ParamsValidatingActionExecutor.j
ava:64)
	at org.gradle.internal.buildpro
cess.execution.StartParamsValida
tingActionExecutor.execute(Start
ParamsValidatingActionExecutor.j
ava:32)
	at org.gradle.internal.buildpro
cess.execution.SessionFailureRep
ortingActionExecutor.execute(Ses
sionFailureReportingActionExecut
or.java:51)
	at org.gradle.internal.buildpro
cess.execution.SessionFailureRep
ortingActionExecutor.execute(Ses
sionFailureReportingActionExecut
or.java:39)
	at org.gradle.internal.buildpro
cess.execution.SetupLoggingActio
nExecutor.execute(SetupLoggingAc
tionExecutor.java:47)
	at org.gradle.internal.buildpro
cess.execution.SetupLoggingActio
nExecutor.execute(SetupLoggingAc
tionExecutor.java:31)
	at org.gradle.launcher.daemon.s
erver.exec.ExecuteBuild.doBuild(
ExecuteBuild.java:70)
	at org.gradle.launcher.daemon.s
erver.exec.BuildCommandOnly.exec
ute(BuildCommandOnly.java:37)
	at org.gradle.launcher.daemon.s
erver.api.DaemonCommandExecution
.proceed(DaemonCommandExecution.
java:104)
	at org.gradle.launcher.daemon.s
erver.exec.WatchForDisconnection
.execute(WatchForDisconnection.j
ava:39)
	at org.gradle.launcher.daemon.s
erver.api.DaemonCommandExecution
.proceed(DaemonCommandExecution.
java:104)
	at org.gradle.launcher.daemon.s
erver.exec.ResetDeprecationLogge
r.execute(ResetDeprecationLogger
.java:29)
	at org.gradle.launcher.daemon.s
erver.api.DaemonCommandExecution
.proceed(DaemonCommandExecution.
java:104)
	at org.gradle.launcher.daemon.s
erver.exec.RequestStopIfSingleUs
edDaemon.execute(RequestStopIfSi
ngleUsedDaemon.java:35)
	at org.gradle.launcher.daemon.s
erver.api.DaemonCommandExecution
.proceed(DaemonCommandExecution.
java:104)
	at org.gradle.launcher.daemon.s
erver.exec.ForwardClientInput.la
mbda$execute$0(ForwardClientInpu
t.java:40)
	at org.gradle.launcher.daemon.s
erver.exec.ForwardClientInput$$L
ambda$33/668248398.apply(Unknown
 Source)
	at org.gradle.internal.daemon.c
lientinput.ClientInputForwarder.
forwardInput(ClientInputForwarde
r.java:80)
	at org.gradle.launcher.daemon.s
erver.exec.ForwardClientInput.ex
ecute(ForwardClientInput.java:37
)
	at org.gradle.launcher.daemon.s
erver.api.DaemonCommandExecution
.proceed(DaemonCommandExecution.
java:104)
	at org.gradle.launcher.daemon.s
erver.exec.LogAndCheckHealth.exe
cute(LogAndCheckHealth.java:64)
	at org.gradle.launcher.daemon.s
erver.api.DaemonCommandExecution
.proceed(DaemonCommandExecution.
java:104)
	at org.gradle.launcher.daemon.s
erver.exec.LogToClient.doBuild(L
ogToClient.java:63)
	at org.gradle.launcher.daemon.s
erver.exec.BuildCommandOnly.exec
ute(BuildCommandOnly.java:37)
	at org.gradle.launcher.daemon.s
erver.api.DaemonCommandExecution
.proceed(DaemonCommandExecution.
java:104)
	at org.gradle.launcher.daemon.s
erver.exec.EstablishBuildEnviron
ment.doBuild(EstablishBuildEnvir
onment.java:84)
	at org.gradle.launcher.daemon.s
erver.exec.BuildCommandOnly.exec
ute(BuildCommandOnly.java:37)
	at org.gradle.launcher.daemon.s
erver.api.DaemonCommandExecution
.proceed(DaemonCommandExecution.
java:104)
	at org.gradle.launcher.daemon.s
erver.exec.StartBuildOrRespondWi
thBusy$1.run(StartBuildOrRespond
WithBusy.java:52)
	at org.gradle.launcher.daemon.s
erver.DaemonStateCoordinator.lam
bda$runCommand$0(DaemonStateCoor
dinator.java:321)
	at org.gradle.launcher.daemon.s
erver.DaemonStateCoordinator$$La
mbda$32/199987384.run(Unknown 
Source)
	at org.gradle.internal.concurre
nt.ExecutorPolicy$CatchAndRecord
Failures.onExecute(ExecutorPolic
y.java:64)
	at org.gradle.internal.concurre
nt.AbstractManagedExecutor$1.run
(AbstractManagedExecutor.java:48
)
Caused by: org.gradle.api.intern
al.artifacts.ivyservice.TypedRes
olveException: Could not 
resolve all artifacts for 
configuration 'classpath'.
	at org.gradle.api.internal.arti
facts.ResolveExceptionMapper.map
Failure(ResolveExceptionMapper.j
ava:70)
	at org.gradle.api.internal.arti
facts.ResolveExceptionMapper.map
Failures(ResolveExceptionMapper.
java:62)
	at org.gradle.api.internal.arti
facts.configurations.DefaultConf
iguration$DefaultResolutionHost.
consolidateFailures(DefaultConfi
guration.java:1928)
	at org.gradle.api.internal.arti
facts.configurations.ResolutionH
ost.rethrowFailuresAndReportProb
lems(ResolutionHost.java:75)
	at org.gradle.api.internal.arti
facts.configurations.DefaultArti
factCollection.lambda$new$0(Defa
ultArtifactCollection.java:52)
	at org.gradle.api.internal.arti
facts.configurations.DefaultArti
factCollection$$Lambda$625/16966
93583.get(Unknown Source)
	at org.gradle.internal.model.Ca
lculatedValueContainerFactory$Su
pplierBackedCalculator.calculate
Value(CalculatedValueContainerFa
ctory.java:69)
	at org.gradle.internal.model.Ca
lculatedValueContainer$Calculati
onState.lambda$attachValue$0(Cal
culatedValueContainer.java:229)
	at org.gradle.internal.model.Ca
lculatedValueContainer$Calculati
onState$$Lambda$595/831540683.ca
ll(Unknown Source)
	at org.gradle.internal.Try.ofFa
ilable(Try.java:50)
	at org.gradle.internal.model.Ca
lculatedValueContainer$Calculati
onState.attachValue(CalculatedVa
lueContainer.java:224)
	at org.gradle.internal.model.Ca
lculatedValueContainer.finalizeI
fNotAlready(CalculatedValueConta
iner.java:195)
	at org.gradle.internal.model.Ca
lculatedValueContainer.finalizeI
fNotAlready(CalculatedValueConta
iner.java:186)
	at org.gradle.api.internal.arti
facts.configurations.DefaultArti
factCollection.ensureResolved(De
faultArtifactCollection.java:103
)
	at org.gradle.api.internal.arti
facts.configurations.DefaultArti
factCollection.getArtifacts(Defa
ultArtifactCollection.java:75)
	at org.gradle.api.internal.init
ialization.transform.utils.Instr
umentationClasspathMerger.mergeT
oClasspath(InstrumentationClassp
athMerger.java:52)
	at org.gradle.api.internal.init
ialization.DefaultScriptClassPat
hResolver.resolveClassPath(Defau
ltScriptClassPathResolver.java:1
55)
	at org.gradle.api.internal.init
ialization.DefaultBuildLogicBuil
der.lambda$resolveClassPath$0(De
faultBuildLogicBuilder.java:64)
	at org.gradle.api.internal.init
ialization.DefaultBuildLogicBuil
der$$Lambda$602/1961794995.get(U
nknown Source)
	at org.gradle.api.internal.init
ialization.DefaultBuildLogicBuil
dQueue.build(DefaultBuildLogicBu
ildQueue.java:69)
	at org.gradle.api.internal.init
ialization.DefaultBuildLogicBuil
der.resolveClassPath(DefaultBuil
dLogicBuilder.java:61)
	at org.gradle.api.internal.init
ialization.DefaultScriptHandler.
lambda$getInstrumentedScriptClas
sPath$0(DefaultScriptHandler.jav
a:109)
	at org.gradle.api.internal.init
ialization.DefaultScriptHandler$
$Lambda$567/1000380806.create(Un
known Source)
	at org.gradle.api.internal.arti
facts.configurations.DefaultConf
iguration.callAndResetResolution
State(DefaultConfiguration.java:
900)
	at org.gradle.api.internal.init
ialization.DefaultScriptHandler.
getInstrumentedScriptClassPath(D
efaultScriptHandler.java:113)
	at org.gradle.plugin.use.intern
al.DefaultPluginRequestApplicato
r.applyPlugins(DefaultPluginRequ
estApplicator.java:129)
	at org.gradle.kotlin.dsl.provid
er.PluginRequestsHandler.handle(
PluginRequestsHandler.kt:45)
	at org.gradle.kotlin.dsl.provid
er.StandardKotlinScriptEvaluator
$InterpreterHost.applyPluginsTo(
KotlinScriptEvaluator.kt:242)
	at org.gradle.kotlin.dsl.execut
ion.Interpreter$ProgramHost.appl
yPluginsTo(Interpreter.kt:387)
	at Program.execute(Unknown 
Source)
	at org.gradle.kotlin.dsl.execut
ion.Interpreter$ProgramHost.eval
(Interpreter.kt:516)
	at org.gradle.kotlin.dsl.execut
ion.Interpreter.eval(Interpreter
.kt:194)
	at org.gradle.kotlin.dsl.provid
er.StandardKotlinScriptEvaluator
.evaluate(KotlinScriptEvaluator.
kt:133)
	at org.gradle.kotlin.dsl.provid
er.KotlinScriptPluginFactory$cre
ate$1.invoke(KotlinScriptPluginF
actory.kt:61)
	at org.gradle.kotlin.dsl.provid
er.KotlinScriptPluginFactory$cre
ate$1.invoke(KotlinScriptPluginF
actory.kt:52)
	at org.gradle.kotlin.dsl.provid
er.KotlinScriptPlugin.apply(Kotl
inScriptPlugin.kt:35)
	at org.gradle.configuration.Bui
ldOperationScriptPlugin$1.run(Bu
ildOperationScriptPlugin.java:68
)
	at org.gradle.internal.operatio
ns.DefaultBuildOperationRunner$1
.execute(DefaultBuildOperationRu
nner.java:30)
	at org.gradle.internal.operatio
ns.DefaultBuildOperationRunner$1
.execute(DefaultBuildOperationRu
nner.java:27)
	at org.gradle.internal.operatio
ns.DefaultBuildOperationRunner$2
.execute(DefaultBuildOperationRu
nner.java:67)
	at org.gradle.internal.operatio
ns.DefaultBuildOperationRunner$2
.execute(DefaultBuildOperationRu
nner.java:60)
	at org.gradle.internal.operatio
ns.DefaultBuildOperationRunner.e
xecute(DefaultBuildOperationRunn
er.java:167)
	at org.gradle.internal.operatio
ns.DefaultBuildOperationRunner.e
xecute(DefaultBuildOperationRunn
er.java:60)
	at org.gradle.internal.operatio
ns.DefaultBuildOperationRunner.r
un(DefaultBuildOperationRunner.j
ava:48)
	at org.gradle.configuration.Bui
ldOperationScriptPlugin.lambda$a
pply$0(BuildOperationScriptPlugi
n.java:65)
	at org.gradle.configuration.Bui
ldOperationScriptPlugin$$Lambda$
334/284552925.execute(Unknown 
Source)
	at org.gradle.internal.code.Def
aultUserCodeApplicationContext.a
pply(DefaultUserCodeApplicationC
ontext.java:44)
	at org.gradle.configuration.Bui
ldOperationScriptPlugin.apply(Bu
ildOperationScriptPlugin.java:65
)
	at org.gradle.configuration.pro
ject.BuildScriptProcessor$$Lambd
a$773/1159705398.accept(Unknown 
Source)
	at org.gradle.api.internal.proj
ect.DefaultProjectStateRegistry$
ProjectStateImpl.lambda$applyToM
utableState$1(DefaultProjectStat
eRegistry.java:435)
	at org.gradle.api.internal.proj
ect.DefaultProjectStateRegistry$
ProjectStateImpl$$Lambda$742/169
1626269.apply(Unknown Source)
	at org.gradle.api.internal.proj
ect.DefaultProjectStateRegistry$
ProjectStateImpl.fromMutableStat
e(DefaultProjectStateRegistry.ja
va:453)
	at org.gradle.api.internal.proj
ect.DefaultProjectStateRegistry$
ProjectStateImpl.applyToMutableS
tate(DefaultProjectStateRegistry
.java:434)
	at org.gradle.configuration.pro
ject.BuildScriptProcessor.execut
e(BuildScriptProcessor.java:46)
	at org.gradle.configuration.pro
ject.BuildScriptProcessor.execut
e(BuildScriptProcessor.java:27)
	at org.gradle.configuration.pro
ject.ConfigureActionsProjectEval
uator.evaluate(ConfigureActionsP
rojectEvaluator.java:35)
	at org.gradle.configuration.pro
ject.LifecycleProjectEvaluator$E
valuateProject.lambda$run$0(Life
cycleProjectEvaluator.java:109)
	at org.gradle.configuration.pro
ject.LifecycleProjectEvaluator$E
valuateProject$$Lambda$741/12047
35598.accept(Unknown Source)
	at org.gradle.api.internal.proj
ect.DefaultProjectStateRegistry$
ProjectStateImpl.lambda$applyToM
utableState$1(DefaultProjectStat
eRegistry.java:435)
	at org.gradle.api.internal.proj
ect.DefaultProjectStateRegistry$
ProjectStateImpl$$Lambda$742/169
1626269.apply(Unknown Source)
	at org.gradle.api.internal.proj
ect.DefaultProjectStateRegistry$
ProjectStateImpl.lambda$fromMuta
bleState$2(DefaultProjectStateRe
gistry.java:458)
	at org.gradle.api.internal.proj
ect.DefaultProjectStateRegistry$
ProjectStateImpl$$Lambda$743/157
2130300.create(Unknown Source)
	at org.gradle.internal.work.Def
aultWorkerLeaseService.withRepla
cedLocks(DefaultWorkerLeaseServi
ce.java:359)
	at org.gradle.api.internal.proj
ect.DefaultProjectStateRegistry$
ProjectStateImpl.fromMutableStat
e(DefaultProjectStateRegistry.ja
va:458)
	at org.gradle.api.internal.proj
ect.DefaultProjectStateRegistry$
ProjectStateImpl.applyToMutableS
tate(DefaultProjectStateRegistry
.java:434)
	at org.gradle.configuration.pro
ject.LifecycleProjectEvaluator$E
valuateProject.run(LifecycleProj
ectEvaluator.java:100)
	at org.gradle.internal.operatio
ns.DefaultBuildOperationRunner$1
.execute(DefaultBuildOperationRu
nner.java:30)
	at org.gradle.internal.operatio
ns.DefaultBuildOperationRunner$1
.execute(DefaultBuildOperationRu
nner.java:27)
	at org.gradle.internal.operatio
ns.DefaultBuildOperationRunner$2
.execute(DefaultBuildOperationRu
nner.java:67)
	at org.gradle.internal.operatio
ns.DefaultBuildOperationRunner$2
.execute(DefaultBuildOperationRu
nner.java:60)
	at org.gradle.internal.operatio
ns.DefaultBuildOperationRunner.e
xecute(DefaultBuildOperationRunn
er.java:167)
	at org.gradle.internal.operatio
ns.DefaultBuildOperationRunner.e
xecute(DefaultBuildOperationRunn
er.java:60)
	at org.gradle.internal.operatio
ns.DefaultBuildOperationRunner.r
un(DefaultBuildOperationRunner.j
ava:48)
	at org.gradle.configuration.pro
ject.LifecycleProjectEvaluator.e
valuate(LifecycleProjectEvaluato
r.java:72)
	at org.gradle.api.internal.proj
ect.DefaultProject.evaluateUnche
cked(DefaultProject.java:828)
	at org.gradle.api.internal.proj
ect.ProjectLifecycleController.l
ambda$ensureSelfConfigured$2(Pro
jectLifecycleController.java:89)
	at org.gradle.api.internal.proj
ect.ProjectLifecycleController$$
Lambda$739/1001342130.run(Unknow
n Source)
	at org.gradle.internal.model.St
ateTransitionController.lambda$d
oTransition$14(StateTransitionCo
ntroller.java:255)
	at org.gradle.internal.model.St
ateTransitionController$$Lambda$
236/1479385979.get(Unknown 
Source)
	at org.gradle.internal.model.St
ateTransitionController.doTransi
tion(StateTransitionController.j
ava:266)
	at org.gradle.internal.model.St
ateTransitionController.doTransi
tion(StateTransitionController.j
ava:254)
	at org.gradle.internal.model.St
ateTransitionController.lambda$m
aybeTransitionIfNotCurrentlyTran
sitioning$10(StateTransitionCont
roller.java:199)
	at org.gradle.internal.model.St
ateTransitionController$$Lambda$
740/1839214906.run(Unknown 
Source)
	at org.gradle.internal.work.Def
aultSynchronizer.withLock(Defaul
tSynchronizer.java:36)
	at org.gradle.internal.model.St
ateTransitionController.maybeTra
nsitionIfNotCurrentlyTransitioni
ng(StateTransitionController.jav
a:195)
	at org.gradle.api.internal.proj
ect.ProjectLifecycleController.e
nsureSelfConfigured(ProjectLifec
ycleController.java:89)
	at org.gradle.api.internal.proj
ect.DefaultProjectStateRegistry$
ProjectStateImpl.ensureConfigure
d(DefaultProjectStateRegistry.ja
va:400)
	at org.gradle.execution.TaskPat
hProjectEvaluator.configure(Task
PathProjectEvaluator.java:70)
	at org.gradle.execution.TaskPat
hProjectEvaluator.configureHiera
rchy(TaskPathProjectEvaluator.ja
va:84)
	at org.gradle.configuration.Def
aultProjectsPreparer.prepareProj
ects(DefaultProjectsPreparer.jav
a:50)
	at org.gradle.configuration.Bui
ldTreePreparingProjectsPreparer.
prepareProjects(BuildTreePrepari
ngProjectsPreparer.java:65)
	at org.gradle.configuration.Bui
ldOperationFiringProjectsPrepare
r$ConfigureBuild.run(BuildOperat
ionFiringProjectsPreparer.java:5
2)
	at org.gradle.internal.operatio
ns.DefaultBuildOperationRunner$1
.execute(DefaultBuildOperationRu
nner.java:30)
	at org.gradle.internal.operatio
ns.DefaultBuildOperationRunner$1
.execute(DefaultBuildOperationRu
nner.java:27)
	at org.gradle.internal.operatio
ns.DefaultBuildOperationRunner$2
.execute(DefaultBuildOperationRu
nner.java:67)
	at org.gradle.internal.operatio
ns.DefaultBuildOperationRunner$2
.execute(DefaultBuildOperationRu
nner.java:60)
	at org.gradle.internal.operatio
ns.DefaultBuildOperationRunner.e
xecute(DefaultBuildOperationRunn
er.java:167)
	at org.gradle.internal.operatio
ns.DefaultBuildOperationRunner.e
xecute(DefaultBuildOperationRunn
er.java:60)
	at org.gradle.internal.operatio
ns.DefaultBuildOperationRunner.r
un(DefaultBuildOperationRunner.j
ava:48)
	at org.gradle.configuration.Bui
ldOperationFiringProjectsPrepare
r.prepareProjects(BuildOperation
FiringProjectsPreparer.java:40)
	at org.gradle.initialization.Vi
ntageBuildModelController.lambda
$prepareProjects$2(VintageBuildM
odelController.java:84)
	at org.gradle.initialization.Vi
ntageBuildModelController$$Lambd
a$660/2135302966.run(Unknown 
Source)
	at org.gradle.internal.model.St
ateTransitionController.lambda$d
oTransition$14(StateTransitionCo
ntroller.java:255)
	at org.gradle.internal.model.St
ateTransitionController$$Lambda$
236/1479385979.get(Unknown 
Source)
	at org.gradle.internal.model.St
ateTransitionController.doTransi
tion(StateTransitionController.j
ava:266)
	at org.gradle.internal.model.St
ateTransitionController.doTransi
tion(StateTransitionController.j
ava:254)
	at org.gradle.internal.model.St
ateTransitionController.lambda$t
ransitionIfNotPreviously$11(Stat
eTransitionController.java:213)
	at org.gradle.internal.model.St
ateTransitionController$$Lambda$
238/97792960.run(Unknown Source)
	at org.gradle.internal.work.Def
aultSynchronizer.withLock(Defaul
tSynchronizer.java:36)
	at org.gradle.internal.model.St
ateTransitionController.transiti
onIfNotPreviously(StateTransitio
nController.java:209)
	at org.gradle.initialization.Vi
ntageBuildModelController.prepar
eProjects(VintageBuildModelContr
oller.java:84)
	at org.gradle.initialization.Vi
ntageBuildModelController.prepar
eToScheduleTasks(VintageBuildMod
elController.java:71)
	at org.gradle.internal.build.De
faultBuildLifecycleController.la
mbda$prepareToScheduleTasks$6(De
faultBuildLifecycleController.ja
va:175)
	at org.gradle.internal.build.De
faultBuildLifecycleController$$L
ambda$234/526269788.run(Unknown 
Source)
	at org.gradle.internal.model.St
ateTransitionController.lambda$d
oTransition$14(StateTransitionCo
ntroller.java:255)
	at org.gradle.internal.model.St
ateTransitionController$$Lambda$
236/1479385979.get(Unknown 
Source)
	at org.gradle.internal.model.St
ateTransitionController.doTransi
tion(StateTransitionController.j
ava:266)
	at org.gradle.internal.model.St
ateTransitionController.doTransi
tion(StateTransitionController.j
ava:254)
	at org.gradle.internal.model.St
ateTransitionController.lambda$m
aybeTransition$9(StateTransition
Controller.java:190)
	at org.gradle.internal.model.St
ateTransitionController$$Lambda$
235/989560790.run(Unknown 
Source)
	at org.gradle.internal.work.Def
aultSynchronizer.withLock(Defaul
tSynchronizer.java:36)
	at org.gradle.internal.model.St
ateTransitionController.maybeTra
nsition(StateTransitionControlle
r.java:186)
	at org.gradle.internal.build.De
faultBuildLifecycleController.pr
epareToScheduleTasks(DefaultBuil
dLifecycleController.java:173)
	at org.gradle.internal.buildtre
e.DefaultBuildTreeWorkPreparer.s
cheduleRequestedTasks(DefaultBui
ldTreeWorkPreparer.java:36)
	at org.gradle.internal.cc.impl.
VintageBuildTreeWorkController$s
cheduleAndRunRequestedTasks$1.ap
ply(VintageBuildTreeWorkControll
er.kt:36)
	at org.gradle.internal.cc.impl.
VintageBuildTreeWorkController$s
cheduleAndRunRequestedTasks$1.ap
ply(VintageBuildTreeWorkControll
er.kt:35)
	at org.gradle.composite.interna
l.DefaultIncludedBuildTaskGraph.
withNewWorkGraph(DefaultIncluded
BuildTaskGraph.java:112)
	at org.gradle.internal.cc.impl.
VintageBuildTreeWorkController.s
cheduleAndRunRequestedTasks(Vint
ageBuildTreeWorkController.kt:35
)
	at org.gradle.internal.buildtre
e.DefaultBuildTreeLifecycleContr
oller.lambda$scheduleAndRunTasks
$1(DefaultBuildTreeLifecycleCont
roller.java:77)
	at org.gradle.internal.buildtre
e.DefaultBuildTreeLifecycleContr
oller$$Lambda$229/992285926.get(
Unknown Source)
	at org.gradle.internal.buildtre
e.DefaultBuildTreeLifecycleContr
oller.lambda$runBuild$4(DefaultB
uildTreeLifecycleController.java
:120)
	at org.gradle.internal.buildtre
e.DefaultBuildTreeLifecycleContr
oller$$Lambda$230/1262095050.get
(Unknown Source)
	at org.gradle.internal.model.St
ateTransitionController.lambda$t
ransition$6(StateTransitionContr
oller.java:169)
	at org.gradle.internal.model.St
ateTransitionController$$Lambda$
232/1088649438.get(Unknown 
Source)
	at org.gradle.internal.model.St
ateTransitionController.doTransi
tion(StateTransitionController.j
ava:266)
	at org.gradle.internal.model.St
ateTransitionController.lambda$t
ransition$7(StateTransitionContr
oller.java:169)
	at org.gradle.internal.model.St
ateTransitionController$$Lambda$
231/1897820758.create(Unknown 
Source)
	at org.gradle.internal.work.Def
aultSynchronizer.withLock(Defaul
tSynchronizer.java:46)
	at org.gradle.internal.model.St
ateTransitionController.transiti
on(StateTransitionController.jav
a:169)
	at org.gradle.internal.buildtre
e.DefaultBuildTreeLifecycleContr
oller.runBuild(DefaultBuildTreeL
ifecycleController.java:117)
	at org.gradle.internal.buildtre
e.DefaultBuildTreeLifecycleContr
oller.scheduleAndRunTasks(Defaul
tBuildTreeLifecycleController.ja
va:77)
	at org.gradle.internal.buildtre
e.DefaultBuildTreeLifecycleContr
oller.scheduleAndRunTasks(Defaul
tBuildTreeLifecycleController.ja
va:72)
	at org.gradle.tooling.internal.
provider.ExecuteBuildActionRunne
r.run(ExecuteBuildActionRunner.j
ava:31)
	at org.gradle.launcher.exec.Cha
iningBuildActionRunner.run(Chain
ingBuildActionRunner.java:35)
	at org.gradle.internal.buildtre
e.ProblemReportingBuildActionRun
ner.run(ProblemReportingBuildAct
ionRunner.java:49)
	at org.gradle.launcher.exec.Bui
ldOutcomeReportingBuildActionRun
ner.run(BuildOutcomeReportingBui
ldActionRunner.java:71)
	at org.gradle.tooling.internal.
provider.FileSystemWatchingBuild
ActionRunner.run(FileSystemWatch
ingBuildActionRunner.java:135)
	at org.gradle.launcher.exec.Bui
ldCompletionNotifyingBuildAction
Runner.run(BuildCompletionNotify
ingBuildActionRunner.java:41)
	at org.gradle.launcher.exec.Roo
tBuildLifecycleBuildActionExecut
or.lambda$execute$0(RootBuildLif
ecycleBuildActionExecutor.java:5
4)
	at org.gradle.launcher.exec.Roo
tBuildLifecycleBuildActionExecut
or$$Lambda$198/195488355.apply(U
nknown Source)
	at org.gradle.composite.interna
l.DefaultRootBuildState.run(Defa
ultRootBuildState.java:130)
	at org.gradle.launcher.exec.Roo
tBuildLifecycleBuildActionExecut
or.execute(RootBuildLifecycleBui
ldActionExecutor.java:54)
	at org.gradle.internal.buildtre
e.InitDeprecationLoggingActionEx
ecutor.execute(InitDeprecationLo
ggingActionExecutor.java:62)
	at org.gradle.internal.buildtre
e.InitProblems.execute(InitProbl
ems.java:36)
	at org.gradle.internal.buildtre
e.DefaultBuildTreeContext.execut
e(DefaultBuildTreeContext.java:4
0)
	at org.gradle.launcher.exec.Bui
ldTreeLifecycleBuildActionExecut
or.lambda$execute$0(BuildTreeLif
ecycleBuildActionExecutor.java:7
1)
	at org.gradle.launcher.exec.Bui
ldTreeLifecycleBuildActionExecut
or$$Lambda$132/502529369.apply(U
nknown Source)
	at org.gradle.internal.buildtre
e.BuildTreeState.run(BuildTreeSt
ate.java:60)
	at org.gradle.launcher.exec.Bui
ldTreeLifecycleBuildActionExecut
or.execute(BuildTreeLifecycleBui
ldActionExecutor.java:71)
	at org.gradle.launcher.exec.Run
AsBuildOperationBuildActionExecu
tor$2.call(RunAsBuildOperationBu
ildActionExecutor.java:67)
	at org.gradle.launcher.exec.Run
AsBuildOperationBuildActionExecu
tor$2.call(RunAsBuildOperationBu
ildActionExecutor.java:63)
	at org.gradle.internal.operatio
ns.DefaultBuildOperationRunner$C
allableBuildOperationWorker.exec
ute(DefaultBuildOperationRunner.
java:210)
	at org.gradle.internal.operatio
ns.DefaultBuildOperationRunner$C
allableBuildOperationWorker.exec
ute(DefaultBuildOperationRunner.
java:205)
	at org.gradle.internal.operatio
ns.DefaultBuildOperationRunner$2
.execute(DefaultBuildOperationRu
nner.java:67)
	at org.gradle.internal.operatio
ns.DefaultBuildOperationRunner$2
.execute(DefaultBuildOperationRu
nner.java:60)
	at org.gradle.internal.operatio
ns.DefaultBuildOperationRunner.e
xecute(DefaultBuildOperationRunn
er.java:167)
	at org.gradle.internal.operatio
ns.DefaultBuildOperationRunner.e
xecute(DefaultBuildOperationRunn
er.java:60)
	at org.gradle.internal.operatio
ns.DefaultBuildOperationRunner.c
all(DefaultBuildOperationRunner.
java:54)
	at org.gradle.launcher.exec.Run
AsBuildOperationBuildActionExecu
tor.execute(RunAsBuildOperationB
uildActionExecutor.java:63)
	at org.gradle.launcher.exec.Run
AsWorkerThreadBuildActionExecuto
r.lambda$execute$0(RunAsWorkerTh
readBuildActionExecutor.java:36)
	at org.gradle.launcher.exec.Run
AsWorkerThreadBuildActionExecuto
r$$Lambda$126/838896040.create(U
nknown Source)
	at org.gradle.internal.work.Def
aultWorkerLeaseService.withLocks
(DefaultWorkerLeaseService.java:
263)
	at org.gradle.internal.work.Def
aultWorkerLeaseService.runAsWork
erThread(DefaultWorkerLeaseServi
ce.java:127)
	at org.gradle.launcher.exec.Run
AsWorkerThreadBuildActionExecuto
r.execute(RunAsWorkerThreadBuild
ActionExecutor.java:36)
	at org.gradle.tooling.internal.
provider.continuous.ContinuousBu
ildActionExecutor.execute(Contin
uousBuildActionExecutor.java:110
)
	at org.gradle.tooling.internal.
provider.SubscribableBuildAction
Executor.execute(SubscribableBui
ldActionExecutor.java:64)
	at org.gradle.internal.session.
DefaultBuildSessionContext.execu
te(DefaultBuildSessionContext.ja
va:46)
	at org.gradle.internal.buildpro
cess.execution.BuildSessionLifec
ycleBuildActionExecutor$ActionIm
pl.apply(BuildSessionLifecycleBu
ildActionExecutor.java:92)
	at org.gradle.internal.buildpro
cess.execution.BuildSessionLifec
ycleBuildActionExecutor$ActionIm
pl.apply(BuildSessionLifecycleBu
ildActionExecutor.java:80)
	at org.gradle.internal.session.
BuildSessionState.run(BuildSessi
onState.java:73)
	at org.gradle.internal.buildpro
cess.execution.BuildSessionLifec
ycleBuildActionExecutor.execute(
BuildSessionLifecycleBuildAction
Executor.java:62)
	at org.gradle.internal.buildpro
cess.execution.BuildSessionLifec
ycleBuildActionExecutor.execute(
BuildSessionLifecycleBuildAction
Executor.java:41)
	at org.gradle.internal.buildpro
cess.execution.StartParamsValida
tingActionExecutor.execute(Start
ParamsValidatingActionExecutor.j
ava:64)
	at org.gradle.internal.buildpro
cess.execution.StartParamsValida
tingActionExecutor.execute(Start
ParamsValidatingActionExecutor.j
ava:32)
	at org.gradle.internal.buildpro
cess.execution.SessionFailureRep
ortingActionExecutor.execute(Ses
sionFailureReportingActionExecut
or.java:51)
	at org.gradle.internal.buildpro
cess.execution.SessionFailureRep
ortingActionExecutor.execute(Ses
sionFailureReportingActionExecut
or.java:39)
	at org.gradle.internal.buildpro
cess.execution.SetupLoggingActio
nExecutor.execute(SetupLoggingAc
tionExecutor.java:47)
	at org.gradle.internal.buildpro
cess.execution.SetupLoggingActio
nExecutor.execute(SetupLoggingAc
tionExecutor.java:31)
	at org.gradle.launcher.daemon.s
erver.exec.ExecuteBuild.doBuild(
ExecuteBuild.java:70)
	at org.gradle.launcher.daemon.s
erver.exec.BuildCommandOnly.exec
ute(BuildCommandOnly.java:37)
	at org.gradle.launcher.daemon.s
erver.api.DaemonCommandExecution
.proceed(DaemonCommandExecution.
java:104)
	at org.gradle.launcher.daemon.s
erver.exec.WatchForDisconnection
.execute(WatchForDisconnection.j
ava:39)
	at org.gradle.launcher.daemon.s
erver.api.DaemonCommandExecution
.proceed(DaemonCommandExecution.
java:104)
	at org.gradle.launcher.daemon.s
erver.exec.ResetDeprecationLogge
r.execute(ResetDeprecationLogger
.java:29)
	at org.gradle.launcher.daemon.s
erver.api.DaemonCommandExecution
.proceed(DaemonCommandExecution.
java:104)
	at org.gradle.launcher.daemon.s
erver.exec.RequestStopIfSingleUs
edDaemon.execute(RequestStopIfSi
ngleUsedDaemon.java:35)
	at org.gradle.launcher.daemon.s
erver.api.DaemonCommandExecution
.proceed(DaemonCommandExecution.
java:104)
	at org.gradle.launcher.daemon.s
erver.exec.ForwardClientInput.la
mbda$execute$0(ForwardClientInpu
t.java:40)
	at org.gradle.launcher.daemon.s
erver.exec.ForwardClientInput$$L
ambda$33/668248398.apply(Unknown
 Source)
	at org.gradle.internal.daemon.c
lientinput.ClientInputForwarder.
forwardInput(ClientInputForwarde
r.java:80)
	at org.gradle.launcher.daemon.s
erver.exec.ForwardClientInput.ex
ecute(ForwardClientInput.java:37
)
	at org.gradle.launcher.daemon.s
erver.api.DaemonCommandExecution
.proceed(DaemonCommandExecution.
java:104)
	at org.gradle.launcher.daemon.s
erver.exec.LogAndCheckHealth.exe
cute(LogAndCheckHealth.java:64)
	at org.gradle.launcher.daemon.s
erver.api.DaemonCommandExecution
.proceed(DaemonCommandExecution.
java:104)
	at org.gradle.launcher.daemon.s
erver.exec.LogToClient.doBuild(L
ogToClient.java:63)
	at org.gradle.launcher.daemon.s
erver.exec.BuildCommandOnly.exec
ute(BuildCommandOnly.java:37)
	at org.gradle.launcher.daemon.s
erver.api.DaemonCommandExecution
.proceed(DaemonCommandExecution.
java:104)
	at org.gradle.launcher.daemon.s
erver.exec.EstablishBuildEnviron
ment.doBuild(EstablishBuildEnvir
onment.java:84)
	at org.gradle.launcher.daemon.s
erver.exec.BuildCommandOnly.exec
ute(BuildCommandOnly.java:37)
	at org.gradle.launcher.daemon.s
erver.api.DaemonCommandExecution
.proceed(DaemonCommandExecution.
java:104)
	at org.gradle.launcher.daemon.s
erver.exec.StartBuildOrRespondWi
thBusy$1.run(StartBuildOrRespond
WithBusy.java:52)
	at org.gradle.launcher.daemon.s
erver.DaemonStateCoordinator.lam
bda$runCommand$0(DaemonStateCoor
dinator.java:321)
	at org.gradle.launcher.daemon.s
erver.DaemonStateCoordinator$$La
mbda$32/199987384.run(Unknown 
Source)
	at org.gradle.internal.concurre
nt.ExecutorPolicy$CatchAndRecord
Failures.onExecute(ExecutorPolic
y.java:64)
	at org.gradle.internal.concurre
nt.AbstractManagedExecutor$1.run
(AbstractManagedExecutor.java:48
)
Caused by: org.gradle.internal.r
esolve.ModuleVersionResolveExcep
tion: Could not resolve com.andr
oid.tools.build:gradle:8.13.2.
Required by:
    root project : > com.android
.application:com.android.applica
tion.gradle.plugin:8.13.2
Caused by: org.gradle.internal.c
omponent.resolution.failure.exce
ption.VariantSelectionByAttribut
esException: Dependency 
requires at least JVM runtime 
version 11. This build uses a 
Java 8 JVM.
	at org.gradle.api.internal.arti
facts.dsl.dependencies.TargetJVM
VersionOnPluginTooNewFailureDesc
riber.describeFailure(TargetJVMV
ersionOnPluginTooNewFailureDescr
iber.java:63)
	at org.gradle.api.internal.arti
facts.dsl.dependencies.TargetJVM
VersionOnPluginTooNewFailureDesc
riber.describeFailure(TargetJVMV
ersionOnPluginTooNewFailureDescr
iber.java:42)
	at org.gradle.internal.componen
t.resolution.failure.ResolutionF
ailureHandler.lambda$describeFai
lure$3(ResolutionFailureHandler.
java:275)
	at org.gradle.internal.componen
t.resolution.failure.ResolutionF
ailureHandler$$Lambda$2005/32778
6265.apply(Unknown Source)
	at org.gradle.internal.componen
t.resolution.failure.ResolutionF
ailureHandler.describeFailure(Re
solutionFailureHandler.java:275)
	at org.gradle.internal.componen
t.resolution.failure.ResolutionF
ailureHandler.noCompatibleVarian
tsFailure(ResolutionFailureHandl
er.java:173)
	at org.gradle.internal.componen
t.model.GraphVariantSelector.sel
ectByAttributeMatching(GraphVari
antSelector.java:94)
	at org.gradle.internal.componen
t.external.model.ExternalModuleD
ependencyMetadata.selectVariants
(ExternalModuleDependencyMetadat
a.java:64)
	at org.gradle.api.internal.arti
facts.ivyservice.resolveengine.g
raph.builder.EdgeState.calculate
TargetNodes(EdgeState.java:257)
	at org.gradle.api.internal.arti
facts.ivyservice.resolveengine.g
raph.builder.EdgeState.attachToT
argetNodes(EdgeState.java:148)
	at org.gradle.api.internal.arti
facts.ivyservice.resolveengine.g
raph.builder.DependencyGraphBuil
der.attachToTargetRevisionsSeria
lly(DependencyGraphBuilder.java:
390)
	at org.gradle.api.internal.arti
facts.ivyservice.resolveengine.g
raph.builder.DependencyGraphBuil
der.resolveEdges(DependencyGraph
Builder.java:280)
	at org.gradle.api.internal.arti
facts.ivyservice.resolveengine.g
raph.builder.DependencyGraphBuil
der.traverseGraph(DependencyGrap
hBuilder.java:205)
	at org.gradle.api.internal.arti
facts.ivyservice.resolveengine.g
raph.builder.DependencyGraphBuil
der.resolve(DependencyGraphBuild
er.java:164)
	at org.gradle.api.internal.arti
facts.ivyservice.resolveengine.D
ependencyGraphResolver.resolve(D
ependencyGraphResolver.java:120)
	at org.gradle.api.internal.arti
facts.ivyservice.ResolutionExecu
tor.doResolve(ResolutionExecutor
.java:482)
	at org.gradle.api.internal.arti
facts.ivyservice.ResolutionExecu
tor.resolveGraph(ResolutionExecu
tor.java:355)
	at org.gradle.api.internal.arti
facts.ivyservice.ShortCircuiting
ResolutionExecutor.resolveGraph(
ShortCircuitingResolutionExecuto
r.java:92)
	at org.gradle.api.internal.arti
facts.ivyservice.DefaultConfigur
ationResolver.resolveGraph(Defau
ltConfigurationResolver.java:129
)
	at org.gradle.api.internal.arti
facts.configurations.DefaultConf
iguration$1.call(DefaultConfigur
ation.java:764)
	at org.gradle.api.internal.arti
facts.configurations.DefaultConf
iguration$1.call(DefaultConfigur
ation.java:756)
	at org.gradle.internal.operatio
ns.DefaultBuildOperationRunner$C
allableBuildOperationWorker.exec
ute(DefaultBuildOperationRunner.
java:210)
	at org.gradle.internal.operatio
ns.DefaultBuildOperationRunner$C
allableBuildOperationWorker.exec
ute(DefaultBuildOperationRunner.
java:205)
	at org.gradle.internal.operatio
ns.DefaultBuildOperationRunner$2
.execute(DefaultBuildOperationRu
nner.java:67)
	at org.gradle.internal.operatio
ns.DefaultBuildOperationRunner$2
.execute(DefaultBuildOperationRu
nner.java:60)
	at org.gradle.internal.operatio
ns.DefaultBuildOperationRunner.e
xecute(DefaultBuildOperationRunn
er.java:167)
	at org.gradle.internal.operatio
ns.DefaultBuildOperationRunner.e
xecute(DefaultBuildOperationRunn
er.java:60)
	at org.gradle.internal.operatio
ns.DefaultBuildOperationRunner.c
all(DefaultBuildOperationRunner.
java:54)
	at org.gradle.api.internal.arti
facts.configurations.DefaultConf
iguration.resolveGraphInBuildOpe
ration(DefaultConfiguration.java
:756)
	at org.gradle.api.internal.arti
facts.configurations.DefaultConf
iguration.lambda$resolveExclusiv
elyIfRequired$5(DefaultConfigura
tion.java:748)
	at org.gradle.api.internal.arti
facts.configurations.DefaultConf
iguration$$Lambda$629/190628216.
apply(Unknown Source)
	at org.gradle.api.internal.init
ialization.StandaloneDomainObjec
tContext$CalculatedModelValueImp
l.update(StandaloneDomainObjectC
ontext.java:229)
	at org.gradle.api.internal.arti
facts.configurations.DefaultConf
iguration.resolveExclusivelyIfRe
quired(DefaultConfiguration.java
:743)
	at org.gradle.api.internal.arti
facts.configurations.DefaultConf
iguration.resolveGraphIfRequired
(DefaultConfiguration.java:736)
	at org.gradle.api.internal.arti
facts.configurations.DefaultConf
iguration.access$1300(DefaultCon
figuration.java:150)
	at org.gradle.api.internal.arti
facts.configurations.DefaultConf
iguration$ResolverResultsResolut
ionResultProvider.getValue(Defau
ltConfiguration.java:709)
	at org.gradle.api.internal.arti
facts.configurations.DefaultConf
iguration$ResolverResultsResolut
ionResultProvider.getValue(Defau
ltConfiguration.java:695)
	at org.gradle.api.internal.arti
facts.configurations.ResolutionR
esultProvider$1.getValue(Resolut
ionResultProvider.java:54)
	at org.gradle.api.internal.arti
facts.configurations.ResolutionR
esultProviderBackedSelectedArtif
actSet.visitArtifacts(Resolution
ResultProviderBackedSelectedArti
factSet.java:50)
	at org.gradle.api.internal.arti
facts.configurations.DefaultArti
factCollection.lambda$new$0(Defa
ultArtifactCollection.java:46)
	at org.gradle.api.internal.arti
facts.configurations.DefaultArti
factCollection$$Lambda$625/16966
93583.get(Unknown Source)
	at org.gradle.internal.model.Ca
lculatedValueContainerFactory$Su
pplierBackedCalculator.calculate
Value(CalculatedValueContainerFa
ctory.java:69)
	at org.gradle.internal.model.Ca
lculatedValueContainer$Calculati
onState.lambda$attachValue$0(Cal
culatedValueContainer.java:229)
	at org.gradle.internal.model.Ca
lculatedValueContainer$Calculati
onState$$Lambda$595/831540683.ca
ll(Unknown Source)
	at org.gradle.internal.Try.ofFa
ilable(Try.java:50)
	at org.gradle.internal.model.Ca
lculatedValueContainer$Calculati
onState.attachValue(CalculatedVa
lueContainer.java:224)
	at org.gradle.internal.model.Ca
lculatedValueContainer.finalizeI
fNotAlready(CalculatedValueConta
iner.java:195)
	at org.gradle.internal.model.Ca
lculatedValueContainer.finalizeI
fNotAlready(CalculatedValueConta
iner.java:186)
	at org.gradle.api.internal.arti
facts.configurations.DefaultArti
factCollection.ensureResolved(De
faultArtifactCollection.java:103
)
	at org.gradle.api.internal.arti
facts.configurations.DefaultArti
factCollection.getArtifacts(Defa
ultArtifactCollection.java:75)
	at org.gradle.api.internal.init
ialization.transform.utils.Instr
umentationClasspathMerger.mergeT
oClasspath(InstrumentationClassp
athMerger.java:52)
	at org.gradle.api.internal.init
ialization.DefaultScriptClassPat
hResolver.resolveClassPath(Defau
ltScriptClassPathResolver.java:1
55)
	at org.gradle.api.internal.init
ialization.DefaultBuildLogicBuil
der.lambda$resolveClassPath$0(De
faultBuildLogicBuilder.java:64)
	at org.gradle.api.internal.init
ialization.DefaultBuildLogicBuil
der$$Lambda$602/1961794995.get(U
nknown Source)
	at org.gradle.api.internal.init
ialization.DefaultBuildLogicBuil
dQueue.build(DefaultBuildLogicBu
ildQueue.java:69)
	at org.gradle.api.internal.init
ialization.DefaultBuildLogicBuil
der.resolveClassPath(DefaultBuil
dLogicBuilder.java:61)
	at org.gradle.api.internal.init
ialization.DefaultScriptHandler.
lambda$getInstrumentedScriptClas
sPath$0(DefaultScriptHandler.jav
a:109)
	at org.gradle.api.internal.init
ialization.DefaultScriptHandler$
$Lambda$567/1000380806.create(Un
known Source)
	at org.gradle.api.internal.arti
facts.configurations.DefaultConf
iguration.callAndResetResolution
State(DefaultConfiguration.java:
900)
	at org.gradle.api.internal.init
ialization.DefaultScriptHandler.
getInstrumentedScriptClassPath(D
efaultScriptHandler.java:113)
	at org.gradle.plugin.use.intern
al.DefaultPluginRequestApplicato
r.applyPlugins(DefaultPluginRequ
estApplicator.java:129)
	at org.gradle.kotlin.dsl.provid
er.PluginRequestsHandler.handle(
PluginRequestsHandler.kt:45)
	at org.gradle.kotlin.dsl.provid
er.StandardKotlinScriptEvaluator
$InterpreterHost.applyPluginsTo(
KotlinScriptEvaluator.kt:242)
	at org.gradle.kotlin.dsl.execut
ion.Interpreter$ProgramHost.appl
yPluginsTo(Interpreter.kt:387)
	at Program.execute(Unknown 
Source)
	at org.gradle.kotlin.dsl.execut
ion.Interpreter$ProgramHost.eval
(Interpreter.kt:516)
	at org.gradle.kotlin.dsl.execut
ion.Interpreter.eval(Interpreter
.kt:194)
	at org.gradle.kotlin.dsl.provid
er.StandardKotlinScriptEvaluator
.evaluate(KotlinScriptEvaluator.
kt:133)
	at org.gradle.kotlin.dsl.provid
er.KotlinScriptPluginFactory$cre
ate$1.invoke(KotlinScriptPluginF
actory.kt:61)
	at org.gradle.kotlin.dsl.provid
er.KotlinScriptPluginFactory$cre
ate$1.invoke(KotlinScriptPluginF
actory.kt:52)
	at org.gradle.kotlin.dsl.provid
er.KotlinScriptPlugin.apply(Kotl
inScriptPlugin.kt:35)
	at org.gradle.configuration.Bui
ldOperationScriptPlugin$1.run(Bu
ildOperationScriptPlugin.java:68
)
	at org.gradle.internal.operatio
ns.DefaultBuildOperationRunner$1
.execute(DefaultBuildOperationRu
nner.java:30)
	at org.gradle.internal.operatio
ns.DefaultBuildOperationRunner$1
.execute(DefaultBuildOperationRu
nner.java:27)
	at org.gradle.internal.operatio
ns.DefaultBuildOperationRunner$2
.execute(DefaultBuildOperationRu
nner.java:67)
	at org.gradle.internal.operatio
ns.DefaultBuildOperationRunner$2
.execute(DefaultBuildOperationRu
nner.java:60)
	at org.gradle.internal.operatio
ns.DefaultBuildOperationRunner.e
xecute(DefaultBuildOperationRunn
er.java:167)
	at org.gradle.internal.operatio
ns.DefaultBuildOperationRunner.e
xecute(DefaultBuildOperationRunn
er.java:60)
	at org.gradle.internal.operatio
ns.DefaultBuildOperationRunner.r
un(DefaultBuildOperationRunner.j
ava:48)
	at org.gradle.configuration.Bui
ldOperationScriptPlugin.lambda$a
pply$0(BuildOperationScriptPlugi
n.java:65)
	at org.gradle.configuration.Bui
ldOperationScriptPlugin$$Lambda$
334/284552925.execute(Unknown 
Source)
	at org.gradle.internal.code.Def
aultUserCodeApplicationContext.a
pply(DefaultUserCodeApplicationC
ontext.java:44)
	at org.gradle.configuration.Bui
ldOperationScriptPlugin.apply(Bu
ildOperationScriptPlugin.java:65
)
	at org.gradle.configuration.pro
ject.BuildScriptProcessor$$Lambd
a$773/1159705398.accept(Unknown 
Source)
	at org.gradle.api.internal.proj
ect.DefaultProjectStateRegistry$
ProjectStateImpl.lambda$applyToM
utableState$1(DefaultProjectStat
eRegistry.java:435)
	at org.gradle.api.internal.proj
ect.DefaultProjectStateRegistry$
ProjectStateImpl$$Lambda$742/169
1626269.apply(Unknown Source)
	at org.gradle.api.internal.proj
ect.DefaultProjectStateRegistry$
ProjectStateImpl.fromMutableStat
e(DefaultProjectStateRegistry.ja
va:453)
	at org.gradle.api.internal.proj
ect.DefaultProjectStateRegistry$
ProjectStateImpl.applyToMutableS
tate(DefaultProjectStateRegistry
.java:434)
	at org.gradle.configuration.pro
ject.BuildScriptProcessor.execut
e(BuildScriptProcessor.java:46)
	at org.gradle.configuration.pro
ject.BuildScriptProcessor.execut
e(BuildScriptProcessor.java:27)
	at org.gradle.configuration.pro
ject.ConfigureActionsProjectEval
uator.evaluate(ConfigureActionsP
rojectEvaluator.java:35)
	at org.gradle.configuration.pro
ject.LifecycleProjectEvaluator$E
valuateProject.lambda$run$0(Life
cycleProjectEvaluator.java:109)
	at org.gradle.configuration.pro
ject.LifecycleProjectEvaluator$E
valuateProject$$Lambda$741/12047
35598.accept(Unknown Source)
	at org.gradle.api.internal.proj
ect.DefaultProjectStateRegistry$
ProjectStateImpl.lambda$applyToM
utableState$1(DefaultProjectStat
eRegistry.java:435)
	at org.gradle.api.internal.proj
ect.DefaultProjectStateRegistry$
ProjectStateImpl$$Lambda$742/169
1626269.apply(Unknown Source)
	at org.gradle.api.internal.proj
ect.DefaultProjectStateRegistry$
ProjectStateImpl.lambda$fromMuta
bleState$2(DefaultProjectStateRe
gistry.java:458)
	at org.gradle.api.internal.proj
ect.DefaultProjectStateRegistry$
ProjectStateImpl$$Lambda$743/157
2130300.create(Unknown Source)
	at org.gradle.internal.work.Def
aultWorkerLeaseService.withRepla
cedLocks(DefaultWorkerLeaseServi
ce.java:359)
	at org.gradle.api.internal.proj
ect.DefaultProjectStateRegistry$
ProjectStateImpl.fromMutableStat
e(DefaultProjectStateRegistry.ja
va:458)
	at org.gradle.api.internal.proj
ect.DefaultProjectStateRegistry$
ProjectStateImpl.applyToMutableS
tate(DefaultProjectStateRegistry
.java:434)
	at org.gradle.configuration.pro
ject.LifecycleProjectEvaluator$E
valuateProject.run(LifecycleProj
ectEvaluator.java:100)
	at org.gradle.internal.operatio
ns.DefaultBuildOperationRunner$1
.execute(DefaultBuildOperationRu
nner.java:30)
	at org.gradle.internal.operatio
ns.DefaultBuildOperationRunner$1
.execute(DefaultBuildOperationRu
nner.java:27)
	at org.gradle.internal.operatio
ns.DefaultBuildOperationRunner$2
.execute(DefaultBuildOperationRu
nner.java:67)
	at org.gradle.internal.operatio
ns.DefaultBuildOperationRunner$2
.execute(DefaultBuildOperationRu
nner.java:60)
	at org.gradle.internal.operatio
ns.DefaultBuildOperationRunner.e
xecute(DefaultBuildOperationRunn
er.java:167)
	at org.gradle.internal.operatio
ns.DefaultBuildOperationRunner.e
xecute(DefaultBuildOperationRunn
er.java:60)
	at org.gradle.internal.operatio
ns.DefaultBuildOperationRunner.r
un(DefaultBuildOperationRunner.j
ava:48)
	at org.gradle.configuration.pro
ject.LifecycleProjectEvaluator.e
valuate(LifecycleProjectEvaluato
r.java:72)
	at org.gradle.api.internal.proj
ect.DefaultProject.evaluateUnche
cked(DefaultProject.java:828)
	at org.gradle.api.internal.proj
ect.ProjectLifecycleController.l
ambda$ensureSelfConfigured$2(Pro
jectLifecycleController.java:89)
	at org.gradle.api.internal.proj
ect.ProjectLifecycleController$$
Lambda$739/1001342130.run(Unknow
n Source)
	at org.gradle.internal.model.St
ateTransitionController.lambda$d
oTransition$14(StateTransitionCo
ntroller.java:255)
	at org.gradle.internal.model.St
ateTransitionController$$Lambda$
236/1479385979.get(Unknown 
Source)
	at org.gradle.internal.model.St
ateTransitionController.doTransi
tion(StateTransitionController.j
ava:266)
	at org.gradle.internal.model.St
ateTransitionController.doTransi
tion(StateTransitionController.j
ava:254)
	at org.gradle.internal.model.St
ateTransitionController.lambda$m
aybeTransitionIfNotCurrentlyTran
sitioning$10(StateTransitionCont
roller.java:199)
	at org.gradle.internal.model.St
ateTransitionController$$Lambda$
740/1839214906.run(Unknown 
Source)
	at org.gradle.internal.work.Def
aultSynchronizer.withLock(Defaul
tSynchronizer.java:36)
	at org.gradle.internal.model.St
ateTransitionController.maybeTra
nsitionIfNotCurrentlyTransitioni
ng(StateTransitionController.jav
a:195)
	at org.gradle.api.internal.proj
ect.ProjectLifecycleController.e
nsureSelfConfigured(ProjectLifec
ycleController.java:89)
	at org.gradle.api.internal.proj
ect.DefaultProjectStateRegistry$
ProjectStateImpl.ensureConfigure
d(DefaultProjectStateRegistry.ja
va:400)
	at org.gradle.execution.TaskPat
hProjectEvaluator.configure(Task
PathProjectEvaluator.java:70)
	at org.gradle.execution.TaskPat
hProjectEvaluator.configureHiera
rchy(TaskPathProjectEvaluator.ja
va:84)
	at org.gradle.configuration.Def
aultProjectsPreparer.prepareProj
ects(DefaultProjectsPreparer.jav
a:50)
	at org.gradle.configuration.Bui
ldTreePreparingProjectsPreparer.
prepareProjects(BuildTreePrepari
ngProjectsPreparer.java:65)
	at org.gradle.configuration.Bui
ldOperationFiringProjectsPrepare
r$ConfigureBuild.run(BuildOperat
ionFiringProjectsPreparer.java:5
2)
	at org.gradle.internal.operatio
ns.DefaultBuildOperationRunner$1
.execute(DefaultBuildOperationRu
nner.java:30)
	at org.gradle.internal.operatio
ns.DefaultBuildOperationRunner$1
.execute(DefaultBuildOperationRu
nner.java:27)
	at org.gradle.internal.operatio
ns.DefaultBuildOperationRunner$2
.execute(DefaultBuildOperationRu
nner.java:67)
	at org.gradle.internal.operatio
ns.DefaultBuildOperationRunner$2
.execute(DefaultBuildOperationRu
nner.java:60)
	at org.gradle.internal.operatio
ns.DefaultBuildOperationRunner.e
xecute(DefaultBuildOperationRunn
er.java:167)
	at org.gradle.internal.operatio
ns.DefaultBuildOperationRunner.e
xecute(DefaultBuildOperationRunn
er.java:60)
	at org.gradle.internal.operatio
ns.DefaultBuildOperationRunner.r
un(DefaultBuildOperationRunner.j
ava:48)
	at org.gradle.configuration.Bui
ldOperationFiringProjectsPrepare
r.prepareProjects(BuildOperation
FiringProjectsPreparer.java:40)
	at org.gradle.initialization.Vi
ntageBuildModelController.lambda
$prepareProjects$2(VintageBuildM
odelController.java:84)
	at org.gradle.initialization.Vi
ntageBuildModelController$$Lambd
a$660/2135302966.run(Unknown 
Source)
	at org.gradle.internal.model.St
ateTransitionController.lambda$d
oTransition$14(StateTransitionCo
ntroller.java:255)
	at org.gradle.internal.model.St
ateTransitionController$$Lambda$
236/1479385979.get(Unknown 
Source)
	at org.gradle.internal.model.St
ateTransitionController.doTransi
tion(StateTransitionController.j
ava:266)
	at org.gradle.internal.model.St
ateTransitionController.doTransi
tion(StateTransitionController.j
ava:254)
	at org.gradle.internal.model.St
ateTransitionController.lambda$t
ransitionIfNotPreviously$11(Stat
eTransitionController.java:213)
	at org.gradle.internal.model.St
ateTransitionController$$Lambda$
238/97792960.run(Unknown Source)
	at org.gradle.internal.work.Def
aultSynchronizer.withLock(Defaul
tSynchronizer.java:36)
	at org.gradle.internal.model.St
ateTransitionController.transiti
onIfNotPreviously(StateTransitio
nController.java:209)
	at org.gradle.initialization.Vi
ntageBuildModelController.prepar
eProjects(VintageBuildModelContr
oller.java:84)
	at org.gradle.initialization.Vi
ntageBuildModelController.prepar
eToScheduleTasks(VintageBuildMod
elController.java:71)
	at org.gradle.internal.build.De
faultBuildLifecycleController.la
mbda$prepareToScheduleTasks$6(De
faultBuildLifecycleController.ja
va:175)
	at org.gradle.internal.build.De
faultBuildLifecycleController$$L
ambda$234/526269788.run(Unknown 
Source)
	at org.gradle.internal.model.St
ateTransitionController.lambda$d
oTransition$14(StateTransitionCo
ntroller.java:255)
	at org.gradle.internal.model.St
ateTransitionController$$Lambda$
236/1479385979.get(Unknown 
Source)
	at org.gradle.internal.model.St
ateTransitionController.doTransi
tion(StateTransitionController.j
ava:266)
	at org.gradle.internal.model.St
ateTransitionController.doTransi
tion(StateTransitionController.j
ava:254)
	at org.gradle.internal.model.St
ateTransitionController.lambda$m
aybeTransition$9(StateTransition
Controller.java:190)
	at org.gradle.internal.model.St
ateTransitionController$$Lambda$
235/989560790.run(Unknown 
Source)
	at org.gradle.internal.work.Def
aultSynchronizer.withLock(Defaul
tSynchronizer.java:36)
	at org.gradle.internal.model.St
ateTransitionController.maybeTra
nsition(StateTransitionControlle
r.java:186)
	at org.gradle.internal.build.De
faultBuildLifecycleController.pr
epareToScheduleTasks(DefaultBuil
dLifecycleController.java:173)
	at org.gradle.internal.buildtre
e.DefaultBuildTreeWorkPreparer.s
cheduleRequestedTasks(DefaultBui
ldTreeWorkPreparer.java:36)
	at org.gradle.internal.cc.impl.
VintageBuildTreeWorkController$s
cheduleAndRunRequestedTasks$1.ap
ply(VintageBuildTreeWorkControll
er.kt:36)
	at org.gradle.internal.cc.impl.
VintageBuildTreeWorkController$s
cheduleAndRunRequestedTasks$1.ap
ply(VintageBuildTreeWorkControll
er.kt:35)
	at org.gradle.composite.interna
l.DefaultIncludedBuildTaskGraph.
withNewWorkGraph(DefaultIncluded
BuildTaskGraph.java:112)
	at org.gradle.internal.cc.impl.
VintageBuildTreeWorkController.s
cheduleAndRunRequestedTasks(Vint
ageBuildTreeWorkController.kt:35
)
	at org.gradle.internal.buildtre
e.DefaultBuildTreeLifecycleContr
oller.lambda$scheduleAndRunTasks
$1(DefaultBuildTreeLifecycleCont
roller.java:77)
	at org.gradle.internal.buildtre
e.DefaultBuildTreeLifecycleContr
oller$$Lambda$229/992285926.get(
Unknown Source)
	at org.gradle.internal.buildtre
e.DefaultBuildTreeLifecycleContr
oller.lambda$runBuild$4(DefaultB
uildTreeLifecycleController.java
:120)
	at org.gradle.internal.buildtre
e.DefaultBuildTreeLifecycleContr
oller$$Lambda$230/1262095050.get
(Unknown Source)
	at org.gradle.internal.model.St
ateTransitionController.lambda$t
ransition$6(StateTransitionContr
oller.java:169)
	at org.gradle.internal.model.St
ateTransitionController$$Lambda$
232/1088649438.get(Unknown 
Source)
	at org.gradle.internal.model.St
ateTransitionController.doTransi
tion(StateTransitionController.j
ava:266)
	at org.gradle.internal.model.St
ateTransitionController.lambda$t
ransition$7(StateTransitionContr
oller.java:169)
	at org.gradle.internal.model.St
ateTransitionController$$Lambda$
231/1897820758.create(Unknown 
Source)
	at org.gradle.internal.work.Def
aultSynchronizer.withLock(Defaul
tSynchronizer.java:46)
	at org.gradle.internal.model.St
ateTransitionController.transiti
on(StateTransitionController.jav
a:169)
	at org.gradle.internal.buildtre
e.DefaultBuildTreeLifecycleContr
oller.runBuild(DefaultBuildTreeL
ifecycleController.java:117)
	at org.gradle.internal.buildtre
e.DefaultBuildTreeLifecycleContr
oller.scheduleAndRunTasks(Defaul
tBuildTreeLifecycleController.ja
va:77)
	at org.gradle.internal.buildtre
e.DefaultBuildTreeLifecycleContr
oller.scheduleAndRunTasks(Defaul
tBuildTreeLifecycleController.ja
va:72)
	at org.gradle.tooling.internal.
provider.ExecuteBuildActionRunne
r.run(ExecuteBuildActionRunner.j
ava:31)
	at org.gradle.launcher.exec.Cha
iningBuildActionRunner.run(Chain
ingBuildActionRunner.java:35)
	at org.gradle.internal.buildtre
e.ProblemReportingBuildActionRun
ner.run(ProblemReportingBuildAct
ionRunner.java:49)
	at org.gradle.launcher.exec.Bui
ldOutcomeReportingBuildActionRun
ner.run(BuildOutcomeReportingBui
ldActionRunner.java:71)
	at org.gradle.tooling.internal.
provider.FileSystemWatchingBuild
ActionRunner.run(FileSystemWatch
ingBuildActionRunner.java:135)
	at org.gradle.launcher.exec.Bui
ldCompletionNotifyingBuildAction
Runner.run(BuildCompletionNotify
ingBuildActionRunner.java:41)
	at org.gradle.launcher.exec.Roo
tBuildLifecycleBuildActionExecut
or.lambda$execute$0(RootBuildLif
ecycleBuildActionExecutor.java:5
4)
	at org.gradle.launcher.exec.Roo
tBuildLifecycleBuildActionExecut
or$$Lambda$198/195488355.apply(U
nknown Source)
	at org.gradle.composite.interna
l.DefaultRootBuildState.run(Defa
ultRootBuildState.java:130)
	at org.gradle.launcher.exec.Roo
tBuildLifecycleBuildActionExecut
or.execute(RootBuildLifecycleBui
ldActionExecutor.java:54)
	at org.gradle.internal.buildtre
e.InitDeprecationLoggingActionEx
ecutor.execute(InitDeprecationLo
ggingActionExecutor.java:62)
	at org.gradle.internal.buildtre
e.InitProblems.execute(InitProbl
ems.java:36)
	at org.gradle.internal.buildtre
e.DefaultBuildTreeContext.execut
e(DefaultBuildTreeContext.java:4
0)
	at org.gradle.launcher.exec.Bui
ldTreeLifecycleBuildActionExecut
or.lambda$execute$0(BuildTreeLif
ecycleBuildActionExecutor.java:7
1)
	at org.gradle.launcher.exec.Bui
ldTreeLifecycleBuildActionExecut
or$$Lambda$132/502529369.apply(U
nknown Source)
	at org.gradle.internal.buildtre
e.BuildTreeState.run(BuildTreeSt
ate.java:60)
	at org.gradle.launcher.exec.Bui
ldTreeLifecycleBuildActionExecut
or.execute(BuildTreeLifecycleBui
ldActionExecutor.java:71)
	at org.gradle.launcher.exec.Run
AsBuildOperationBuildActionExecu
tor$2.call(RunAsBuildOperationBu
ildActionExecutor.java:67)
	at org.gradle.launcher.exec.Run
AsBuildOperationBuildActionExecu
tor$2.call(RunAsBuildOperationBu
ildActionExecutor.java:63)
	at org.gradle.internal.operatio
ns.DefaultBuildOperationRunner$C
allableBuildOperationWorker.exec
ute(DefaultBuildOperationRunner.
java:210)
	at org.gradle.internal.operatio
ns.DefaultBuildOperationRunner$C
allableBuildOperationWorker.exec
ute(DefaultBuildOperationRunner.
java:205)
	at org.gradle.internal.operatio
ns.DefaultBuildOperationRunner$2
.execute(DefaultBuildOperationRu
nner.java:67)
	at org.gradle.internal.operatio
ns.DefaultBuildOperationRunner$2
.execute(DefaultBuildOperationRu
nner.java:60)
	at org.gradle.internal.operatio
ns.DefaultBuildOperationRunner.e
xecute(DefaultBuildOperationRunn
er.java:167)
	at org.gradle.internal.operatio
ns.DefaultBuildOperationRunner.e
xecute(DefaultBuildOperationRunn
er.java:60)
	at org.gradle.internal.operatio
ns.DefaultBuildOperationRunner.c
all(DefaultBuildOperationRunner.
java:54)
	at org.gradle.launcher.exec.Run
AsBuildOperationBuildActionExecu
tor.execute(RunAsBuildOperationB
uildActionExecutor.java:63)
	at org.gradle.launcher.exec.Run
AsWorkerThreadBuildActionExecuto
r.lambda$execute$0(RunAsWorkerTh
readBuildActionExecutor.java:36)
	at org.gradle.launcher.exec.Run
AsWorkerThreadBuildActionExecuto
r$$Lambda$126/838896040.create(U
nknown Source)
	at org.gradle.internal.work.Def
aultWorkerLeaseService.withLocks
(DefaultWorkerLeaseService.java:
263)
	at org.gradle.internal.work.Def
aultWorkerLeaseService.runAsWork
erThread(DefaultWorkerLeaseServi
ce.java:127)
	at org.gradle.launcher.exec.Run
AsWorkerThreadBuildActionExecuto
r.execute(RunAsWorkerThreadBuild
ActionExecutor.java:36)
	at org.gradle.tooling.internal.
provider.continuous.ContinuousBu
ildActionExecutor.execute(Contin
uousBuildActionExecutor.java:110
)
	at org.gradle.tooling.internal.
provider.SubscribableBuildAction
Executor.execute(SubscribableBui
ldActionExecutor.java:64)
	at org.gradle.internal.session.
DefaultBuildSessionContext.execu
te(DefaultBuildSessionContext.ja
va:46)
	at org.gradle.internal.buildpro
cess.execution.BuildSessionLifec
ycleBuildActionExecutor$ActionIm
pl.apply(BuildSessionLifecycleBu
ildActionExecutor.java:92)
	at org.gradle.internal.buildpro
cess.execution.BuildSessionLifec
ycleBuildActionExecutor$ActionIm
pl.apply(BuildSessionLifecycleBu
ildActionExecutor.java:80)
	at org.gradle.internal.session.
BuildSessionState.run(BuildSessi
onState.java:73)
	at org.gradle.internal.buildpro
cess.execution.BuildSessionLifec
ycleBuildActionExecutor.execute(
BuildSessionLifecycleBuildAction
Executor.java:62)

Deprecated Gradle features were used in this build, making it incompatible with Gradle 9.0.

You can use '--warning-mode all' to show the individual deprecation warnings and determine if they come from your own scripts or plugins.

For more on this, please refer to https://docs.gradle.org/8.13/userguide/command_line_interface.html#sec:command_line_warnings in the Gradle documentation.
	at org.gradle.internal.buildpro
cess.execution.BuildSessionLifec
ycleBuildActionExecutor.execute(
BuildSessionLifecycleBuildAction
Executor.java:41)
	at org.gradle.internal.buildpro
cess.execution.StartParamsValida
tingActionExecutor.execute(Start
ParamsValidatingActionExecutor.j
ava:64)
	at org.gradle.internal.buildpro
cess.execution.StartParamsValida
tingActionExecutor.execute(Start
ParamsValidatingActionExecutor.j
ava:32)
	at org.gradle.internal.buildpro
cess.execution.SessionFailureRep
ortingActionExecutor.execute(Ses
sionFailureReportingActionExecut
or.java:51)
	at org.gradle.internal.buildpro
cess.execution.SessionFailureRep
ortingActionExecutor.execute(Ses
sionFailureReportingActionExecut
or.java:39)
	at org.gradle.internal.buildpro
cess.execution.SetupLoggingActio
nExecutor.execute(SetupLoggingAc
tionExecutor.java:47)
	at org.gradle.internal.buildpro
cess.execution.SetupLoggingActio
nExecutor.execute(SetupLoggingAc
tionExecutor.java:31)
	at org.gradle.launcher.daemon.s
erver.exec.ExecuteBuild.doBuild(
ExecuteBuild.java:70)
	at org.gradle.launcher.daemon.s
erver.exec.BuildCommandOnly.exec
ute(BuildCommandOnly.java:37)
	at org.gradle.launcher.daemon.s
erver.api.DaemonCommandExecution
.proceed(DaemonCommandExecution.
java:104)
	at org.gradle.launcher.daemon.s
erver.exec.WatchForDisconnection
.execute(WatchForDisconnection.j
ava:39)
	at org.gradle.launcher.daemon.s
erver.api.DaemonCommandExecution
.proceed(DaemonCommandExecution.
java:104)
	at org.gradle.launcher.daemon.s
erver.exec.ResetDeprecationLogge
r.execute(ResetDeprecationLogger
.java:29)
	at org.gradle.launcher.daemon.s
erver.api.DaemonCommandExecution
.proceed(DaemonCommandExecution.
java:104)
	at org.gradle.launcher.daemon.s
erver.exec.RequestStopIfSingleUs
edDaemon.execute(RequestStopIfSi
ngleUsedDaemon.java:35)
	at org.gradle.launcher.daemon.s
erver.api.DaemonCommandExecution
.proceed(DaemonCommandExecution.
java:104)
	at org.gradle.launcher.daemon.s
erver.exec.ForwardClientInput.la
mbda$execute$0(ForwardClientInpu
t.java:40)
	at org.gradle.launcher.daemon.s
erver.exec.ForwardClientInput$$L
ambda$33/668248398.apply(Unknown
 Source)
	at org.gradle.internal.daemon.c
lientinput.ClientInputForwarder.
forwardInput(ClientInputForwarde
r.java:80)
	at org.gradle.launcher.daemon.s
erver.exec.ForwardClientInput.ex
ecute(ForwardClientInput.java:37
)
	at org.gradle.launcher.daemon.s
erver.api.DaemonCommandExecution
.proceed(DaemonCommandExecution.
java:104)
	at org.gradle.launcher.daemon.s
erver.exec.LogAndCheckHealth.exe
cute(LogAndCheckHealth.java:64)
	at org.gradle.launcher.daemon.s
erver.api.DaemonCommandExecution
.proceed(DaemonCommandExecution.
java:104)
	at org.gradle.launcher.daemon.s
erver.exec.LogToClient.doBuild(L
ogToClient.java:63)
	at org.gradle.launcher.daemon.s
erver.exec.BuildCommandOnly.exec
ute(BuildCommandOnly.java:37)
	at org.gradle.launcher.daemon.s
erver.api.DaemonCommandExecution
.proceed(DaemonCommandExecution.
java:104)
	at org.gradle.launcher.daemon.s
erver.exec.EstablishBuildEnviron
ment.doBuild(EstablishBuildEnvir
onment.java:84)
	at org.gradle.launcher.daemon.s
erver.exec.BuildCommandOnly.exec
ute(BuildCommandOnly.java:37)
	at org.gradle.launcher.daemon.s
erver.api.DaemonCommandExecution
.proceed(DaemonCommandExecution.
java:104)
	at org.gradle.launcher.daemon.s
erver.exec.StartBuildOrRespondWi
thBusy$1.run(StartBuildOrRespond
WithBusy.java:52)
	at org.gradle.launcher.daemon.s
erver.DaemonStateCoordinator.lam
bda$runCommand$0(DaemonStateCoor
dinator.java:321)
	at org.gradle.launcher.daemon.s
erver.DaemonStateCoordinator$$La
mbda$32/199987384.run(Unknown 
Source)
	at org.gradle.internal.concurre
nt.ExecutorPolicy$CatchAndRecord
Failures.onExecute(ExecutorPolic
y.java:64)
	at org.gradle.internal.concurre
nt.AbstractManagedExecutor$1.run
(AbstractManagedExecutor.java:48
)


BUILD FAILED in 1s
